/*
 * ------------------------------------
 *  NOTE: This test behaves differenly
 * ------------------------------------
 *
 * altorder.out - test output for 64-bit systems
 * altorder_1.out - test output for 32-bit systems
 *
 * Since c01743aa486 and 161320b4b96 (>=18) EXPLAIN output was changed,
 * now it shows whether nodes are disabled.
 *
 * altorder_2.out - test output for 32-bit systems (>=18)
 *
 */
CREATE TABLE atsts (id int, t tsvector, d timestamp);
\copy atsts from 'data/tsts.data'
-- PGPRO-2537: We need more data to test rumsort.c with logtape.c
\copy atsts from 'data/tsts.data'
\copy atsts from 'data/tsts.data'
\copy atsts from 'data/tsts.data'
CREATE INDEX atsts_idx ON atsts USING rum (t rum_tsvector_addon_ops, d)
	WITH (attach = 'd', to = 't', order_by_attach='t');
INSERT INTO atsts VALUES (-1, 't1 t2',  '2016-05-02 02:24:22.326724');
INSERT INTO atsts VALUES (-2, 't1 t2 t3',  '2016-05-02 02:26:22.326724');
SELECT count(*) FROM atsts WHERE t @@ 'wr|qh';
 count 
-------
   632
(1 row)

SELECT count(*) FROM atsts WHERE t @@ 'wr&qh';
 count 
-------
    68
(1 row)

SELECT count(*) FROM atsts WHERE t @@ 'eq&yt';
 count 
-------
    24
(1 row)

SELECT count(*) FROM atsts WHERE t @@ 'eq|yt';
 count 
-------
   392
(1 row)

SELECT count(*) FROM atsts WHERE t @@ '(eq&yt)|(wr&qh)';
 count 
-------
    92
(1 row)

SELECT count(*) FROM atsts WHERE t @@ '(eq|yt)&(wr|qh)';
 count 
-------
   156
(1 row)

SET enable_indexscan=OFF;
SET enable_indexonlyscan=OFF;
SET enable_bitmapscan=OFF;
SELECT id, d, d <=> '2016-05-16 14:21:25' FROM atsts WHERE t @@ 'wr&qh' ORDER BY d <=> '2016-05-16 14:21:25' LIMIT 5;
 id  |                d                |  ?column?   
-----+---------------------------------+-------------
 355 | Mon May 16 14:21:22.326724 2016 |    2.673276
 355 | Mon May 16 14:21:22.326724 2016 |    2.673276
 355 | Mon May 16 14:21:22.326724 2016 |    2.673276
 355 | Mon May 16 14:21:22.326724 2016 |    2.673276
 354 | Mon May 16 13:21:22.326724 2016 | 3602.673276
(5 rows)

SELECT id, d, d <=| '2016-05-16 14:21:25' FROM atsts WHERE t @@ 'wr&qh' ORDER BY d <=| '2016-05-16 14:21:25' LIMIT 5;
 id  |                d                |  ?column?   
-----+---------------------------------+-------------
 355 | Mon May 16 14:21:22.326724 2016 |    2.673276
 355 | Mon May 16 14:21:22.326724 2016 |    2.673276
 355 | Mon May 16 14:21:22.326724 2016 |    2.673276
 355 | Mon May 16 14:21:22.326724 2016 |    2.673276
 354 | Mon May 16 13:21:22.326724 2016 | 3602.673276
(5 rows)

SELECT id, d, d |=> '2016-05-16 14:21:25' FROM atsts WHERE t @@ 'wr&qh' ORDER BY d |=> '2016-05-16 14:21:25' LIMIT 5;
 id  |                d                |   ?column?    
-----+---------------------------------+---------------
 371 | Tue May 17 06:21:22.326724 2016 |  57597.326724
 371 | Tue May 17 06:21:22.326724 2016 |  57597.326724
 371 | Tue May 17 06:21:22.326724 2016 |  57597.326724
 371 | Tue May 17 06:21:22.326724 2016 |  57597.326724
 406 | Wed May 18 17:21:22.326724 2016 | 183597.326724
(5 rows)

SELECT count(*) FROM atsts WHERE d < '2016-05-16 14:21:25';
 count 
-------
  1422
(1 row)

SELECT count(*) FROM atsts WHERE d > '2016-05-16 14:21:25';
 count 
-------
   612
(1 row)

SELECT id, d FROM atsts WHERE  t @@ 'wr&qh' AND d <= '2016-05-16 14:21:25' ORDER BY d;
 id  |                d                
-----+---------------------------------
  16 | Mon May 02 11:21:22.326724 2016
  16 | Mon May 02 11:21:22.326724 2016
  16 | Mon May 02 11:21:22.326724 2016
  16 | Mon May 02 11:21:22.326724 2016
  39 | Tue May 03 10:21:22.326724 2016
  39 | Tue May 03 10:21:22.326724 2016
  39 | Tue May 03 10:21:22.326724 2016
  39 | Tue May 03 10:21:22.326724 2016
  71 | Wed May 04 18:21:22.326724 2016
  71 | Wed May 04 18:21:22.326724 2016
  71 | Wed May 04 18:21:22.326724 2016
  71 | Wed May 04 18:21:22.326724 2016
 135 | Sat May 07 10:21:22.326724 2016
 135 | Sat May 07 10:21:22.326724 2016
 135 | Sat May 07 10:21:22.326724 2016
 135 | Sat May 07 10:21:22.326724 2016
 168 | Sun May 08 19:21:22.326724 2016
 168 | Sun May 08 19:21:22.326724 2016
 168 | Sun May 08 19:21:22.326724 2016
 168 | Sun May 08 19:21:22.326724 2016
 232 | Wed May 11 11:21:22.326724 2016
 232 | Wed May 11 11:21:22.326724 2016
 232 | Wed May 11 11:21:22.326724 2016
 232 | Wed May 11 11:21:22.326724 2016
 252 | Thu May 12 07:21:22.326724 2016
 252 | Thu May 12 07:21:22.326724 2016
 252 | Thu May 12 07:21:22.326724 2016
 252 | Thu May 12 07:21:22.326724 2016
 354 | Mon May 16 13:21:22.326724 2016
 354 | Mon May 16 13:21:22.326724 2016
 354 | Mon May 16 13:21:22.326724 2016
 354 | Mon May 16 13:21:22.326724 2016
 355 | Mon May 16 14:21:22.326724 2016
 355 | Mon May 16 14:21:22.326724 2016
 355 | Mon May 16 14:21:22.326724 2016
 355 | Mon May 16 14:21:22.326724 2016
(36 rows)

SELECT id, d FROM atsts WHERE  t @@ 'wr&qh' AND d >= '2016-05-16 14:21:25' ORDER BY d;
 id  |                d                
-----+---------------------------------
 371 | Tue May 17 06:21:22.326724 2016
 371 | Tue May 17 06:21:22.326724 2016
 371 | Tue May 17 06:21:22.326724 2016
 371 | Tue May 17 06:21:22.326724 2016
 406 | Wed May 18 17:21:22.326724 2016
 406 | Wed May 18 17:21:22.326724 2016
 406 | Wed May 18 17:21:22.326724 2016
 406 | Wed May 18 17:21:22.326724 2016
 415 | Thu May 19 02:21:22.326724 2016
 415 | Thu May 19 02:21:22.326724 2016
 415 | Thu May 19 02:21:22.326724 2016
 415 | Thu May 19 02:21:22.326724 2016
 428 | Thu May 19 15:21:22.326724 2016
 428 | Thu May 19 15:21:22.326724 2016
 428 | Thu May 19 15:21:22.326724 2016
 428 | Thu May 19 15:21:22.326724 2016
 457 | Fri May 20 20:21:22.326724 2016
 457 | Fri May 20 20:21:22.326724 2016
 457 | Fri May 20 20:21:22.326724 2016
 457 | Fri May 20 20:21:22.326724 2016
 458 | Fri May 20 21:21:22.326724 2016
 458 | Fri May 20 21:21:22.326724 2016
 458 | Fri May 20 21:21:22.326724 2016
 458 | Fri May 20 21:21:22.326724 2016
 484 | Sat May 21 23:21:22.326724 2016
 484 | Sat May 21 23:21:22.326724 2016
 484 | Sat May 21 23:21:22.326724 2016
 484 | Sat May 21 23:21:22.326724 2016
 496 | Sun May 22 11:21:22.326724 2016
 496 | Sun May 22 11:21:22.326724 2016
 496 | Sun May 22 11:21:22.326724 2016
 496 | Sun May 22 11:21:22.326724 2016
(32 rows)

-- Test bitmap index scan
SET enable_bitmapscan=on;
SET enable_seqscan = off;
EXPLAIN (costs off)
SELECT count(*) FROM atsts WHERE t @@ 'wr|qh';
                         QUERY PLAN                          
-------------------------------------------------------------
 Aggregate
   ->  Bitmap Heap Scan on atsts
         Recheck Cond: (t @@ '''wr'' | ''qh'''::tsquery)
         ->  Bitmap Index Scan on atsts_idx
               Index Cond: (t @@ '''wr'' | ''qh'''::tsquery)
(5 rows)

SELECT count(*) FROM atsts WHERE t @@ 'wr|qh';
 count 
-------
   632
(1 row)

SELECT count(*) FROM atsts WHERE t @@ 'wr&qh';
 count 
-------
    68
(1 row)

SELECT count(*) FROM atsts WHERE t @@ 'eq&yt';
 count 
-------
    24
(1 row)

SELECT count(*) FROM atsts WHERE t @@ 'eq|yt';
 count 
-------
   392
(1 row)

SELECT count(*) FROM atsts WHERE t @@ '(eq&yt)|(wr&qh)';
 count 
-------
    92
(1 row)

SELECT count(*) FROM atsts WHERE t @@ '(eq|yt)&(wr|qh)';
 count 
-------
   156
(1 row)

EXPLAIN (costs off)
SELECT count(*) FROM atsts WHERE d < '2016-05-16 14:21:25';
                                       QUERY PLAN                                        
-----------------------------------------------------------------------------------------
 Aggregate
   ->  Bitmap Heap Scan on atsts
         Recheck Cond: (d < 'Mon May 16 14:21:25 2016'::timestamp without time zone)
         ->  Bitmap Index Scan on atsts_idx
               Index Cond: (d < 'Mon May 16 14:21:25 2016'::timestamp without time zone)
(5 rows)

SELECT count(*) FROM atsts WHERE d < '2016-05-16 14:21:25';
 count 
-------
  1422
(1 row)

EXPLAIN (costs off)
SELECT count(*) FROM atsts WHERE d > '2016-05-16 14:21:25';
                                       QUERY PLAN                                        
-----------------------------------------------------------------------------------------
 Aggregate
   ->  Bitmap Heap Scan on atsts
         Recheck Cond: (d > 'Mon May 16 14:21:25 2016'::timestamp without time zone)
         ->  Bitmap Index Scan on atsts_idx
               Index Cond: (d > 'Mon May 16 14:21:25 2016'::timestamp without time zone)
(5 rows)

SELECT count(*) FROM atsts WHERE d > '2016-05-16 14:21:25';
 count 
-------
   612
(1 row)

-- Test index scan
SET enable_indexscan=on;
SET enable_indexonlyscan=on;
SET enable_bitmapscan=off;
EXPLAIN (costs off)
SELECT id, d, d <=> '2016-05-16 14:21:25' FROM atsts WHERE t @@ 'wr&qh' ORDER BY d <=> '2016-05-16 14:21:25' LIMIT 5;
                                    QUERY PLAN                                     
-----------------------------------------------------------------------------------
 Limit
   ->  Index Scan using atsts_idx on atsts
         Index Cond: (t @@ '''wr'' & ''qh'''::tsquery)
         Order By: (d <=> 'Mon May 16 14:21:25 2016'::timestamp without time zone)
(4 rows)

SELECT id, d, d <=> '2016-05-16 14:21:25' FROM atsts WHERE t @@ 'wr&qh' ORDER BY d <=> '2016-05-16 14:21:25' LIMIT 5;
 id  |                d                |  ?column?   
-----+---------------------------------+-------------
 355 | Mon May 16 14:21:22.326724 2016 |    2.673276
 355 | Mon May 16 14:21:22.326724 2016 |    2.673276
 355 | Mon May 16 14:21:22.326724 2016 |    2.673276
 355 | Mon May 16 14:21:22.326724 2016 |    2.673276
 354 | Mon May 16 13:21:22.326724 2016 | 3602.673276
(5 rows)

EXPLAIN (costs off)
SELECT id, d, d <=| '2016-05-16 14:21:25' FROM atsts WHERE t @@ 'wr&qh' ORDER BY d <=| '2016-05-16 14:21:25' LIMIT 5;
                                    QUERY PLAN                                     
-----------------------------------------------------------------------------------
 Limit
   ->  Index Scan using atsts_idx on atsts
         Index Cond: (t @@ '''wr'' & ''qh'''::tsquery)
         Order By: (d <=| 'Mon May 16 14:21:25 2016'::timestamp without time zone)
(4 rows)

SELECT id, d, d <=| '2016-05-16 14:21:25' FROM atsts WHERE t @@ 'wr&qh' ORDER BY d <=| '2016-05-16 14:21:25' LIMIT 5;
 id  |                d                |  ?column?   
-----+---------------------------------+-------------
 355 | Mon May 16 14:21:22.326724 2016 |    2.673276
 355 | Mon May 16 14:21:22.326724 2016 |    2.673276
 355 | Mon May 16 14:21:22.326724 2016 |    2.673276
 355 | Mon May 16 14:21:22.326724 2016 |    2.673276
 354 | Mon May 16 13:21:22.326724 2016 | 3602.673276
(5 rows)

EXPLAIN (costs off)
SELECT id, d, d |=> '2016-05-16 14:21:25' FROM atsts WHERE t @@ 'wr&qh' ORDER BY d |=> '2016-05-16 14:21:25' LIMIT 5;
                                    QUERY PLAN                                     
-----------------------------------------------------------------------------------
 Limit
   ->  Index Scan using atsts_idx on atsts
         Index Cond: (t @@ '''wr'' & ''qh'''::tsquery)
         Order By: (d |=> 'Mon May 16 14:21:25 2016'::timestamp without time zone)
(4 rows)

SELECT id, d, d |=> '2016-05-16 14:21:25' FROM atsts WHERE t @@ 'wr&qh' ORDER BY d |=> '2016-05-16 14:21:25' LIMIT 5;
 id  |                d                |   ?column?    
-----+---------------------------------+---------------
 371 | Tue May 17 06:21:22.326724 2016 |  57597.326724
 371 | Tue May 17 06:21:22.326724 2016 |  57597.326724
 371 | Tue May 17 06:21:22.326724 2016 |  57597.326724
 371 | Tue May 17 06:21:22.326724 2016 |  57597.326724
 406 | Wed May 18 17:21:22.326724 2016 | 183597.326724
(5 rows)

EXPLAIN (costs off)
SELECT id, d, d <=> '2016-05-16 14:21:25' FROM atsts ORDER BY d <=> '2016-05-16 14:21:25' LIMIT 5;
                                    QUERY PLAN                                     
-----------------------------------------------------------------------------------
 Limit
   ->  Index Scan using atsts_idx on atsts
         Order By: (d <=> 'Mon May 16 14:21:25 2016'::timestamp without time zone)
(3 rows)

SELECT id, d, d <=> '2016-05-16 14:21:25' FROM atsts ORDER BY d <=> '2016-05-16 14:21:25' LIMIT 5;
 id  |                d                |  ?column?   
-----+---------------------------------+-------------
 355 | Mon May 16 14:21:22.326724 2016 |    2.673276
 355 | Mon May 16 14:21:22.326724 2016 |    2.673276
 355 | Mon May 16 14:21:22.326724 2016 |    2.673276
 355 | Mon May 16 14:21:22.326724 2016 |    2.673276
 356 | Mon May 16 15:21:22.326724 2016 | 3597.326724
(5 rows)

EXPLAIN (costs off)
SELECT id, d FROM atsts WHERE  t @@ 'wr&qh' AND d <= '2016-05-16 14:21:25' ORDER BY d;
                                                         QUERY PLAN                                                         
----------------------------------------------------------------------------------------------------------------------------
 Sort
   Sort Key: d
   ->  Index Scan using atsts_idx on atsts
         Index Cond: ((t @@ '''wr'' & ''qh'''::tsquery) AND (d <= 'Mon May 16 14:21:25 2016'::timestamp without time zone))
(4 rows)

SELECT id, d FROM atsts WHERE  t @@ 'wr&qh' AND d <= '2016-05-16 14:21:25' ORDER BY d;
 id  |                d                
-----+---------------------------------
  16 | Mon May 02 11:21:22.326724 2016
  16 | Mon May 02 11:21:22.326724 2016
  16 | Mon May 02 11:21:22.326724 2016
  16 | Mon May 02 11:21:22.326724 2016
  39 | Tue May 03 10:21:22.326724 2016
  39 | Tue May 03 10:21:22.326724 2016
  39 | Tue May 03 10:21:22.326724 2016
  39 | Tue May 03 10:21:22.326724 2016
  71 | Wed May 04 18:21:22.326724 2016
  71 | Wed May 04 18:21:22.326724 2016
  71 | Wed May 04 18:21:22.326724 2016
  71 | Wed May 04 18:21:22.326724 2016
 135 | Sat May 07 10:21:22.326724 2016
 135 | Sat May 07 10:21:22.326724 2016
 135 | Sat May 07 10:21:22.326724 2016
 135 | Sat May 07 10:21:22.326724 2016
 168 | Sun May 08 19:21:22.326724 2016
 168 | Sun May 08 19:21:22.326724 2016
 168 | Sun May 08 19:21:22.326724 2016
 168 | Sun May 08 19:21:22.326724 2016
 232 | Wed May 11 11:21:22.326724 2016
 232 | Wed May 11 11:21:22.326724 2016
 232 | Wed May 11 11:21:22.326724 2016
 232 | Wed May 11 11:21:22.326724 2016
 252 | Thu May 12 07:21:22.326724 2016
 252 | Thu May 12 07:21:22.326724 2016
 252 | Thu May 12 07:21:22.326724 2016
 252 | Thu May 12 07:21:22.326724 2016
 354 | Mon May 16 13:21:22.326724 2016
 354 | Mon May 16 13:21:22.326724 2016
 354 | Mon May 16 13:21:22.326724 2016
 354 | Mon May 16 13:21:22.326724 2016
 355 | Mon May 16 14:21:22.326724 2016
 355 | Mon May 16 14:21:22.326724 2016
 355 | Mon May 16 14:21:22.326724 2016
 355 | Mon May 16 14:21:22.326724 2016
(36 rows)

EXPLAIN (costs off)
SELECT id, d FROM atsts WHERE  t @@ 'wr&qh' AND d >= '2016-05-16 14:21:25' ORDER BY d;
                                                         QUERY PLAN                                                         
----------------------------------------------------------------------------------------------------------------------------
 Sort
   Sort Key: d
   ->  Index Scan using atsts_idx on atsts
         Index Cond: ((t @@ '''wr'' & ''qh'''::tsquery) AND (d >= 'Mon May 16 14:21:25 2016'::timestamp without time zone))
(4 rows)

SELECT id, d FROM atsts WHERE  t @@ 'wr&qh' AND d >= '2016-05-16 14:21:25' ORDER BY d;
 id  |                d                
-----+---------------------------------
 371 | Tue May 17 06:21:22.326724 2016
 371 | Tue May 17 06:21:22.326724 2016
 371 | Tue May 17 06:21:22.326724 2016
 371 | Tue May 17 06:21:22.326724 2016
 406 | Wed May 18 17:21:22.326724 2016
 406 | Wed May 18 17:21:22.326724 2016
 406 | Wed May 18 17:21:22.326724 2016
 406 | Wed May 18 17:21:22.326724 2016
 415 | Thu May 19 02:21:22.326724 2016
 415 | Thu May 19 02:21:22.326724 2016
 415 | Thu May 19 02:21:22.326724 2016
 415 | Thu May 19 02:21:22.326724 2016
 428 | Thu May 19 15:21:22.326724 2016
 428 | Thu May 19 15:21:22.326724 2016
 428 | Thu May 19 15:21:22.326724 2016
 428 | Thu May 19 15:21:22.326724 2016
 457 | Fri May 20 20:21:22.326724 2016
 457 | Fri May 20 20:21:22.326724 2016
 457 | Fri May 20 20:21:22.326724 2016
 457 | Fri May 20 20:21:22.326724 2016
 458 | Fri May 20 21:21:22.326724 2016
 458 | Fri May 20 21:21:22.326724 2016
 458 | Fri May 20 21:21:22.326724 2016
 458 | Fri May 20 21:21:22.326724 2016
 484 | Sat May 21 23:21:22.326724 2016
 484 | Sat May 21 23:21:22.326724 2016
 484 | Sat May 21 23:21:22.326724 2016
 484 | Sat May 21 23:21:22.326724 2016
 496 | Sun May 22 11:21:22.326724 2016
 496 | Sun May 22 11:21:22.326724 2016
 496 | Sun May 22 11:21:22.326724 2016
 496 | Sun May 22 11:21:22.326724 2016
(32 rows)

EXPLAIN (costs off)
SELECT id, d FROM atsts WHERE  t @@ 'wr&q:*' AND d >= '2016-05-16 14:21:25' ORDER BY d;
                                                         QUERY PLAN                                                          
-----------------------------------------------------------------------------------------------------------------------------
 Sort
   Sort Key: d
   ->  Index Scan using atsts_idx on atsts
         Index Cond: ((t @@ '''wr'' & ''q'':*'::tsquery) AND (d >= 'Mon May 16 14:21:25 2016'::timestamp without time zone))
(4 rows)

SELECT id, d FROM atsts WHERE  t @@ 'wr&q:*' AND d >= '2016-05-16 14:21:25' ORDER BY d;
 id  |                d                
-----+---------------------------------
 361 | Mon May 16 20:21:22.326724 2016
 361 | Mon May 16 20:21:22.326724 2016
 361 | Mon May 16 20:21:22.326724 2016
 361 | Mon May 16 20:21:22.326724 2016
 369 | Tue May 17 04:21:22.326724 2016
 369 | Tue May 17 04:21:22.326724 2016
 369 | Tue May 17 04:21:22.326724 2016
 369 | Tue May 17 04:21:22.326724 2016
 371 | Tue May 17 06:21:22.326724 2016
 371 | Tue May 17 06:21:22.326724 2016
 371 | Tue May 17 06:21:22.326724 2016
 371 | Tue May 17 06:21:22.326724 2016
 372 | Tue May 17 07:21:22.326724 2016
 372 | Tue May 17 07:21:22.326724 2016
 372 | Tue May 17 07:21:22.326724 2016
 372 | Tue May 17 07:21:22.326724 2016
 375 | Tue May 17 10:21:22.326724 2016
 375 | Tue May 17 10:21:22.326724 2016
 375 | Tue May 17 10:21:22.326724 2016
 375 | Tue May 17 10:21:22.326724 2016
 388 | Tue May 17 23:21:22.326724 2016
 388 | Tue May 17 23:21:22.326724 2016
 388 | Tue May 17 23:21:22.326724 2016
 388 | Tue May 17 23:21:22.326724 2016
 405 | Wed May 18 16:21:22.326724 2016
 405 | Wed May 18 16:21:22.326724 2016
 405 | Wed May 18 16:21:22.326724 2016
 405 | Wed May 18 16:21:22.326724 2016
 406 | Wed May 18 17:21:22.326724 2016
 406 | Wed May 18 17:21:22.326724 2016
 406 | Wed May 18 17:21:22.326724 2016
 406 | Wed May 18 17:21:22.326724 2016
 415 | Thu May 19 02:21:22.326724 2016
 415 | Thu May 19 02:21:22.326724 2016
 415 | Thu May 19 02:21:22.326724 2016
 415 | Thu May 19 02:21:22.326724 2016
 422 | Thu May 19 09:21:22.326724 2016
 422 | Thu May 19 09:21:22.326724 2016
 422 | Thu May 19 09:21:22.326724 2016
 422 | Thu May 19 09:21:22.326724 2016
 428 | Thu May 19 15:21:22.326724 2016
 428 | Thu May 19 15:21:22.326724 2016
 428 | Thu May 19 15:21:22.326724 2016
 428 | Thu May 19 15:21:22.326724 2016
 441 | Fri May 20 04:21:22.326724 2016
 441 | Fri May 20 04:21:22.326724 2016
 441 | Fri May 20 04:21:22.326724 2016
 441 | Fri May 20 04:21:22.326724 2016
 444 | Fri May 20 07:21:22.326724 2016
 444 | Fri May 20 07:21:22.326724 2016
 444 | Fri May 20 07:21:22.326724 2016
 444 | Fri May 20 07:21:22.326724 2016
 457 | Fri May 20 20:21:22.326724 2016
 457 | Fri May 20 20:21:22.326724 2016
 457 | Fri May 20 20:21:22.326724 2016
 457 | Fri May 20 20:21:22.326724 2016
 458 | Fri May 20 21:21:22.326724 2016
 458 | Fri May 20 21:21:22.326724 2016
 458 | Fri May 20 21:21:22.326724 2016
 458 | Fri May 20 21:21:22.326724 2016
 463 | Sat May 21 02:21:22.326724 2016
 463 | Sat May 21 02:21:22.326724 2016
 463 | Sat May 21 02:21:22.326724 2016
 463 | Sat May 21 02:21:22.326724 2016
 465 | Sat May 21 04:21:22.326724 2016
 465 | Sat May 21 04:21:22.326724 2016
 465 | Sat May 21 04:21:22.326724 2016
 465 | Sat May 21 04:21:22.326724 2016
 466 | Sat May 21 05:21:22.326724 2016
 466 | Sat May 21 05:21:22.326724 2016
 466 | Sat May 21 05:21:22.326724 2016
 466 | Sat May 21 05:21:22.326724 2016
 468 | Sat May 21 07:21:22.326724 2016
 468 | Sat May 21 07:21:22.326724 2016
 468 | Sat May 21 07:21:22.326724 2016
 468 | Sat May 21 07:21:22.326724 2016
 471 | Sat May 21 10:21:22.326724 2016
 471 | Sat May 21 10:21:22.326724 2016
 471 | Sat May 21 10:21:22.326724 2016
 471 | Sat May 21 10:21:22.326724 2016
 475 | Sat May 21 14:21:22.326724 2016
 475 | Sat May 21 14:21:22.326724 2016
 475 | Sat May 21 14:21:22.326724 2016
 475 | Sat May 21 14:21:22.326724 2016
 481 | Sat May 21 20:21:22.326724 2016
 481 | Sat May 21 20:21:22.326724 2016
 481 | Sat May 21 20:21:22.326724 2016
 481 | Sat May 21 20:21:22.326724 2016
 484 | Sat May 21 23:21:22.326724 2016
 484 | Sat May 21 23:21:22.326724 2016
 484 | Sat May 21 23:21:22.326724 2016
 484 | Sat May 21 23:21:22.326724 2016
 485 | Sun May 22 00:21:22.326724 2016
 485 | Sun May 22 00:21:22.326724 2016
 485 | Sun May 22 00:21:22.326724 2016
 485 | Sun May 22 00:21:22.326724 2016
 493 | Sun May 22 08:21:22.326724 2016
 493 | Sun May 22 08:21:22.326724 2016
 493 | Sun May 22 08:21:22.326724 2016
 493 | Sun May 22 08:21:22.326724 2016
 496 | Sun May 22 11:21:22.326724 2016
 496 | Sun May 22 11:21:22.326724 2016
 496 | Sun May 22 11:21:22.326724 2016
 496 | Sun May 22 11:21:22.326724 2016
 499 | Sun May 22 14:21:22.326724 2016
 499 | Sun May 22 14:21:22.326724 2016
 499 | Sun May 22 14:21:22.326724 2016
 499 | Sun May 22 14:21:22.326724 2016
 506 | Sun May 22 21:21:22.326724 2016
 506 | Sun May 22 21:21:22.326724 2016
 506 | Sun May 22 21:21:22.326724 2016
 506 | Sun May 22 21:21:22.326724 2016
(112 rows)

CREATE TABLE test_table (id bigint, folder bigint, time bigint, tsv tsvector);
CREATE INDEX test_idx ON test_table USING rum(folder, tsv rum_tsvector_addon_ops, time) with (attach = 'time', to = 'tsv', order_by_attach=TRUE);
INSERT INTO test_table (id, folder, time, tsv) VALUES (1, 10, 100, to_tsvector('wordA'));
INSERT INTO test_table (id, folder, time, tsv) VALUES (2, 20, 200, to_tsvector('wordB'));
INSERT INTO test_table (id, folder, time, tsv) VALUES (3, 10, 300, to_tsvector('wordA'));
INSERT INTO test_table (id, folder, time, tsv) VALUES (4, 20, 400, to_tsvector('wordB'));
INSERT INTO test_table (id, folder, time, tsv) VALUES (5, 20, 60, to_tsvector('wordB'));
INSERT INTO test_table (id, folder, time, tsv) VALUES (6, 10, 40, to_tsvector('wordA'));
INSERT INTO test_table (id, folder, time, tsv) VALUES (7, 20, 50, to_tsvector('wordB'));
INSERT INTO test_table (id, folder, time, tsv) VALUES (8, 10, 30, to_tsvector('wordA'));
EXPLAIN (costs off)
SELECT * FROM test_table WHERE tsv @@ (to_tsquery('wordA')) AND (folder = 10::bigint);
                                   QUERY PLAN                                   
--------------------------------------------------------------------------------
 Index Scan using test_idx on test_table
   Index Cond: ((folder = '10'::bigint) AND (tsv @@ to_tsquery('wordA'::text)))
(2 rows)

SELECT * FROM test_table WHERE tsv @@ (to_tsquery('wordA')) AND (folder = 10::bigint);
 id | folder | time |    tsv    
----+--------+------+-----------
  8 |     10 |   30 | 'worda':1
  6 |     10 |   40 | 'worda':1
  1 |     10 |  100 | 'worda':1
  3 |     10 |  300 | 'worda':1
(4 rows)

EXPLAIN (costs off)
SELECT * FROM test_table WHERE tsv @@ (to_tsquery('wordA')) AND (folder = 10::bigint) ORDER BY time <=| 500::bigint;
                                   QUERY PLAN                                   
--------------------------------------------------------------------------------
 Index Scan using test_idx on test_table
   Index Cond: ((folder = '10'::bigint) AND (tsv @@ to_tsquery('wordA'::text)))
   Order By: ("time" <=| '500'::bigint)
(3 rows)

SELECT * FROM test_table WHERE tsv @@ (to_tsquery('wordA')) AND (folder = 10::bigint) ORDER BY time <=| 500::bigint;
 id | folder | time |    tsv    
----+--------+------+-----------
  3 |     10 |  300 | 'worda':1
  1 |     10 |  100 | 'worda':1
  6 |     10 |   40 | 'worda':1
  8 |     10 |   30 | 'worda':1
(4 rows)

